LTspice 24.1.9 for Windows
Circuit: C:\Users\Lex Leung\OneDrive\Desktop\SFU Work\ENSC 425\NTSCPrject\fifthjCircuit.net
Start Time: Mon Aug  3 06:58:57 2026
solver = Normal
Maximum thread count: 22
tnom = 27
temp = 27
method = trap
Singular matrix:  Check node nc_03
   Iteration No. 1
Direct Newton iteration failed to find .op point.  (Use ".option noopiter" to skip.)
Starting Gmin stepping
Gmin = 10
Gmin = 1.07374
Gmin = 0.115292
Gmin = 0.0123794
Gmin = 0.00132923
Gmin = 0.000142725
Gmin = 1.5325e-05
vernier = 0.5
Gmin = 3.52689e-06
vernier = 0.666667
vernier = 0.888888
Gmin = 7.39785e-07
vernier = 1
Gmin = 8.6905e-08
Gmin = 9.33136e-09
Gmin = 1.00195e-09
Gmin = 1.07583e-10
Gmin = 1.15517e-11
Gmin = 1.24035e-12
Singular matrix:  Check node nc_04
   Iteration No. 2
Gmin = 0
Singular matrix:  Check node nc_04
   Iteration No. 1
Gmin stepping failed

Starting source stepping with srcstepmethod=0
Source Step = 3.0303%
Source Step = 33.3333%
Singular matrix:  Check node nc_03
   Iteration No. 2
Singular matrix:  Check node nc_03
   Iteration No. 2
Singular matrix:  Check node nc_03
   Iteration No. 1
Source Step = 63.6364%
Singular matrix:  Check node nc_03
   Iteration No. 2
Singular matrix:  Check node nc_03
   Iteration No. 1
Singular matrix:  Check node nc_03
   Iteration No. 1
Singular matrix:  Check node nc_03
   Iteration No. 1
Singular matrix:  Check node nc_03
   Iteration No. 2
Starting source stepping with srcstepmethod=1
Singular matrix:  Check node nc_03
   Iteration No. 1
Singular matrix:  Check node nc_03
   Iteration No. 2
Could not converge to DC with sources off!
Pseudo Transient succeeded in finding the operating point at 18.8727 s.
Total elapsed time: 0.348 seconds.

Files loaded:
C:\Users\Lex Leung\OneDrive\Desktop\SFU Work\ENSC 425\NTSCPrject\fifthjCircuit.net
C:\Users\Lex Leung\AppData\Local\LTspice\lib\cmp\standard.dio
C:\Users\Lex Leung\AppData\Local\LTspice\lib\cmp\standard.bjt
C:\Users\Lex Leung\OneDrive\Desktop\SFU Work\ENSC 425\NTSCPrject\LM311.sub
C:\Users\Lex Leung\AppData\Local\LTspice\lib\sub\NE555.sub
C:\Users\Lex Leung\AppData\Local\LTspice\lib\sub\UniversalOpAmp2.lib

