LTspice 24.1.9 for Windows
Circuit: C:\Users\Lex Leung\OneDrive\Desktop\SFU Work\ENSC 425\NTSCPrject\fourthCircuit.net
Start Time: Mon Aug  3 16:19:37 2026
solver = Normal
Maximum thread count: 22
tnom = 27
temp = 27
method = trap
Singular matrix:  Check node nc_04
   Iteration No. 1
Direct Newton iteration failed to find .op point.  (Use ".option noopiter" to skip.)
Starting Gmin stepping
Gmin = 10
Gmin = 1.07374
Gmin = 0.115292
Gmin = 0.0123794
Gmin = 0.00132923
Gmin = 0.000142725
Gmin = 1.5325e-05
Gmin = 1.6455e-06
Gmin = 1.76685e-07
vernier = 0.5
vernier = 0.25
vernier = 0.125
vernier = 0.0625
Gmin = 1.52294e-07
vernier = 0.03125
vernier = 0.015625
vernier = 0.0078125
vernier = 0.0104167
Gmin = 1.50424e-07
vernier = 0.0138889
Gmin = 1.45929e-07
vernier = 0.0185185
vernier = 0.0246913
Gmin = 1.38862e-07
vernier = 0.0329218
vernier = 0.0438957
Gmin = 1.28371e-07
vernier = 0.0585276
Gmin = 1.13038e-07
vernier = 0.0780367
vernier = 0.104049
Gmin = 9.18567e-08
vernier = 0.138732
vernier = 0.184976
Gmin = 6.62486e-08
vernier = 0.246634
Gmin = 3.91821e-08
vernier = 0.328846
vernier = 0.164423
vernier = 0.21923
Gmin = 2.71195e-08
vernier = 0.292307
Gmin = 1.43484e-08
vernier = 0.389743
vernier = 0.519657
Gmin = 5.03904e-09
vernier = 0.692876
vernier = 0.923834
Gmin = 9.98839e-10
vernier = 1
Gmin = 1.14041e-10
Gmin = 1.22451e-11
Gmin = 1.3148e-12
Singular matrix:  Check node nc_04
   Iteration No. 2
Gmin = 0
Singular matrix:  Check node nc_04
   Iteration No. 1
Gmin stepping failed

Starting source stepping with srcstepmethod=0
Source Step = 3.0303%
Source Step = 33.3333%
Singular matrix:  Check node nc_04
   Iteration No. 2
Source Step = 63.6364%
Singular matrix:  Check node nc_04
   Iteration No. 2
Singular matrix:  Check node nc_04
   Iteration No. 2
Singular matrix:  Check node nc_04
   Iteration No. 2
Singular matrix:  Check node nc_04
   Iteration No. 2
Source Step = 93.9394%
Singular matrix:  Check node nc_04
   Iteration No. 1
Singular matrix:  Check node nc_04
   Iteration No. 2
Singular matrix:  Check node nc_04
   Iteration No. 1
Singular matrix:  Check node nc_04
   Iteration No. 2
Singular matrix:  Check node nc_04
   Iteration No. 2
Singular matrix:  Check node nc_04
   Iteration No. 1
Starting source stepping with srcstepmethod=1
Singular matrix:  Check node nc_04
   Iteration No. 1
Singular matrix:  Check node nc_04
   Iteration No. 2
Could not converge to DC with sources off!
Pseudo Transient succeeded in finding the operating point at 17.5958 s.
Total elapsed time: 0.944 seconds.

Files loaded:
C:\Users\Lex Leung\OneDrive\Desktop\SFU Work\ENSC 425\NTSCPrject\fourthCircuit.net
C:\Users\Lex Leung\AppData\Local\LTspice\lib\cmp\standard.dio
C:\Users\Lex Leung\AppData\Local\LTspice\lib\cmp\standard.bjt
C:\Users\Lex Leung\OneDrive\Desktop\SFU Work\ENSC 425\NTSCPrject\LM311.sub
C:\Users\Lex Leung\AppData\Local\LTspice\lib\sub\NE555.sub
C:\Users\Lex Leung\AppData\Local\LTspice\lib\sub\UniversalOpAmp2.lib

