LTspice 24.1.9 for Windows
Circuit: C:\Users\Lex Leung\OneDrive\Desktop\SFU Work\ENSC 425\NTSCPrject\postFailurebutLum.net
Start Time: Sat Aug  8 20:23:32 2026
Options: noopiter
solver = Normal
Maximum thread count: 22
tnom = 27
temp = 27
method = trap
noOpIter = true
WARNING: Node n016 is floating.
WARNING: Node lum is floating.

Direct Newton iteration for .op point skipped.
Starting Gmin stepping
Gmin = 10
Gmin = 1.07374
Gmin = 0.115292
Gmin = 0.0123794
Gmin = 0.00132923
Gmin = 0.000142725
Gmin = 1.5325e-05
vernier = 0.5
vernier = 0.25
vernier = 0.333333
Gmin = 8.35762e-06
vernier = 0.444444
Gmin = 3.30738e-06
vernier = 0.592592
vernier = 0.790123
Gmin = 7.56624e-07
vernier = 1
Gmin = 9.23953e-08
Gmin = 9.92087e-09
Gmin = 1.06525e-09
Gmin = 1.1438e-10
Gmin = 1.22814e-11
Gmin = 1.31871e-12
Gmin = 1.41595e-13
Gmin = 0
Gmin stepping succeeded in finding the operating point.

Total elapsed time: 1.313 seconds.

Files loaded:
C:\Users\Lex Leung\OneDrive\Desktop\SFU Work\ENSC 425\NTSCPrject\postFailurebutLum.net
C:\Users\Lex Leung\AppData\Local\LTspice\lib\cmp\standard.dio
C:\Users\Lex Leung\AppData\Local\LTspice\lib\cmp\standard.bjt
C:\Users\Lex Leung\AppData\Local\LTspice\lib\cmp\standard.mos
C:\Users\Lex Leung\OneDrive\Desktop\SFU Work\ENSC 425\NTSCPrject\LM311.sub
C:\Users\Lex Leung\AppData\Local\LTspice\lib\sub\NE555.sub
C:\Users\Lex Leung\AppData\Local\LTspice\lib\sub\UniversalOpAmp2.lib

