LTspice 24.1.9 for Windows
Circuit: C:\Users\Lex Leung\OneDrive\Desktop\SFU Work\ENSC 425\NTSCPrject\postFailure.net
Start Time: Fri Aug  7 15:54:18 2026
solver = Normal
Maximum thread count: 22
tnom = 27
temp = 27
method = trap
Direct Newton iteration failed to find .op point.  (Use ".option noopiter" to skip.)
Starting Gmin stepping
Gmin = 10
Gmin = 1.07374
Gmin = 0.115292
Gmin = 0.0123794
Gmin = 0.00132923
Gmin = 0.000142725
vernier = 0.5
vernier = 0.25
Gmin = 5.17847e-05
vernier = 0.125
vernier = 0.0625
vernier = 0.03125
vernier = 0.015625
Gmin = 5.27343e-05
vernier = 0.0078125
vernier = 0.00390625
vernier = 0.00195312
vernier = 0.000976562
Gmin = 5.26059e-05
vernier = 0.000488281
Gmin = 0
Gmin stepping succeeded in finding the operating point.

Total elapsed time: 0.484 seconds.

Files loaded:
C:\Users\Lex Leung\OneDrive\Desktop\SFU Work\ENSC 425\NTSCPrject\postFailure.net
C:\Users\Lex Leung\AppData\Local\LTspice\lib\cmp\standard.dio
C:\Users\Lex Leung\AppData\Local\LTspice\lib\cmp\standard.bjt
C:\Users\Lex Leung\OneDrive\Desktop\SFU Work\ENSC 425\NTSCPrject\LM311.sub
C:\Users\Lex Leung\AppData\Local\LTspice\lib\sub\NE555.sub
C:\Users\Lex Leung\AppData\Local\LTspice\lib\sub\UniversalOpAmp2.lib

