LTspice 24.1.9 for Windows
Circuit: C:\Users\Lex Leung\OneDrive\Desktop\SFU Work\ENSC 425\NTSCPrject\thirdCircuit.net
Start Time: Mon Aug  3 03:37:07 2026
solver = Normal
Maximum thread count: 22
tnom = 27
temp = 27
method = trap
Singular matrix:  Check node nc_05
   Iteration No. 1
Direct Newton iteration failed to find .op point.  (Use ".option noopiter" to skip.)
Starting Gmin stepping
Gmin = 10
Gmin = 1.07374
Gmin = 0.115292
Gmin = 0.0123794
Gmin = 0.00132923
Gmin = 0.000142725
Gmin = 1.5325e-05
Gmin = 1.6455e-06
vernier = 0.5
vernier = 0.666667
Gmin = 5.36702e-07
vernier = 0.333333
vernier = 0.166667
Gmin = 4.18291e-07
vernier = 0.222222
vernier = 0.296296
Gmin = 2.34294e-07
vernier = 0.395061
vernier = 0.197531
vernier = 0.0987653
vernier = 0.0493827
vernier = 0.0246913
Gmin = 1.5662e-07
vernier = 0.0123457
vernier = 0.00617283
vernier = 0.00308642
vernier = 0.00154321
vernier = 0.00205761
Gmin = 1.56238e-07
vernier = 0.00274348
Gmin = 1.55304e-07
vernier = 0.00365797
vernier = 0.0048773
Gmin = 1.53785e-07
vernier = 0.00650306
vernier = 0.00867074
Gmin = 1.51409e-07
vernier = 0.011561
Gmin = 1.47633e-07
vernier = 0.0154146
vernier = 0.0205529
Gmin = 1.41655e-07
vernier = 0.0274038
vernier = 0.0365384
Gmin = 1.32682e-07
vernier = 0.0487178
Gmin = 1.19338e-07
vernier = 0.0649571
vernier = 0.0866095
Gmin = 1.00378e-07
vernier = 0.115479
vernier = 0.153972
Gmin = 7.6412e-08
vernier = 0.205296
Gmin = 4.92562e-08
vernier = 0.273728
vernier = 0.364971
Gmin = 2.4237e-08
vernier = 0.486628
vernier = 0.648837
Gmin = 8.05878e-09
vernier = 0.865116
Gmin = 1.42785e-09
vernier = 1
Gmin = 1.57564e-10
Gmin = 1.69184e-11
Gmin = 1.81659e-12
Singular matrix:  Check node nc_04
   Iteration No. 2
Gmin = 0
Singular matrix:  Check node nc_04
   Iteration No. 1
Gmin stepping failed

Starting source stepping with srcstepmethod=0
Source Step = 3.0303%
Source Step = 33.3333%
Singular matrix:  Check node nc_04
   Iteration No. 2
Singular matrix:  Check node nc_04
   Iteration No. 2
Singular matrix:  Check node nc_04
   Iteration No. 1
Source Step = 63.6364%
Singular matrix:  Check node nc_04
   Iteration No. 2
Singular matrix:  Check node nc_04
   Iteration No. 1
Singular matrix:  Check node nc_04
   Iteration No. 1
Singular matrix:  Check node nc_04
   Iteration No. 1
Singular matrix:  Check node nc_04
   Iteration No. 2
Starting source stepping with srcstepmethod=1
Singular matrix:  Check node nc_04
   Iteration No. 1
Singular matrix:  Check node nc_04
   Iteration No. 2
Could not converge to DC with sources off!
Pseudo Transient succeeded in finding the operating point at 6.12747 s.
Total elapsed time: 1.578 seconds.

Files loaded:
C:\Users\Lex Leung\OneDrive\Desktop\SFU Work\ENSC 425\NTSCPrject\thirdCircuit.net
C:\Users\Lex Leung\AppData\Local\LTspice\lib\cmp\standard.dio
C:\Users\Lex Leung\AppData\Local\LTspice\lib\cmp\standard.bjt
C:\Users\Lex Leung\OneDrive\Desktop\SFU Work\ENSC 425\NTSCPrject\LM311.sub
C:\Users\Lex Leung\AppData\Local\LTspice\lib\sub\NE555.sub
C:\Users\Lex Leung\AppData\Local\LTspice\lib\sub\UniversalOpAmp2.lib

